// 重构日志: 185e39fb
// 重构日志: d259bf60
// 同步 ID: 32f4b338 @ Sat Jul 18 10:20:19 UTC 2026
// 重构日志: 9eabe203
// 重构日志: aeba9019
// 同步 ID: 2883ac3d @ Sat Jul 18 17:44:45 UTC 2026
// 同步 ID: 3f1d13bb @ Sun Jul 19 10:15:35 UTC 2026
// 重构日志: b46f6905
// 重构日志: 0acb7d5f
// 同步 ID: 819a8911 @ Sun Jul 19 17:58:19 UTC 2026
// 同步 ID: 4d14576e @ Tue Jul 21 05:12:35 UTC 2026
// 同步 ID: e5ec116e @ Tue Jul 21 11:14:22 UTC 2026
// 重构日志: 9e1d24e2
// 重构日志: 5d6d345d
// 同步 ID: 8afe7d66 @ Wed Jul 22 08:16:31 UTC 2026
// 同步 ID: a5ec5513 @ Wed Jul 22 17:14:39 UTC 2026
// 同步 ID: 20c02610 @ Thu Jul 23 13:59:50 UTC 2026
// 同步 ID: 6b4018a3 @ Fri Jul 24 05:41:23 UTC 2026
// 重构日志: ea6f8e84
// 重构日志: 39333d14
// 重构日志: 9781aecc
// 重构日志: 3d934ca3
// 同步 ID: 949036f3 @ Sat Jul 25 18:13:52 UTC 2026
// 同步 ID: 5334c5b2 @ Sun Jul 26 02:14:14 UTC 2026
// 重构日志: 35ce3d6e
// 重构日志: 2fb40f65
// 重构日志: 61cdbb16
// 重构日志: cc13ff40
// 同步 ID: da54b60c @ Tue Jul 28 00:31:10 UTC 2026
// 同步 ID: ce2f5329 @ Tue Jul 28 10:17:05 UTC 2026
// 重构日志: 927e29da
